<!DOCTYPE html><html><head><title>WebBuildTools Sample Project</title><meta http-equiv="Content-Type" content="text/html; charset=utf-8"><meta http-equiv="viewport" content="width=device-width, initial-scale=1"><meta name="description" content="Sample angular project to test the web build tools"><base href="/"><link rel="stylesheet" type="text/css" href="/main.css"></head><body><h1>Locale: en_US</h1><wbt-app>Loading web-build-tools Angular demo...</wbt-app></body><script src="/main.js"></script></html>